../Core/Src/main.c:96:6:calc_ang	16	static
../Core/Src/main.c:107:7:calc_r	32	static
../Core/Src/main.c:116:7:calc_z	32	static
../Core/Src/main.c:125:7:calc_x	32	static
../Core/Src/main.c:133:7:calc_y	32	static
../Core/Src/main.c:145:5:main	56	static
../Core/Src/main.c:222:6:SystemClock_Config	88	static
../Core/Src/main.c:270:13:MX_ADC1_Init	24	static
../Core/Src/main.c:349:13:MX_TIM8_Init	96	static
../Core/Src/main.c:424:13:MX_TIM10_Init	8	static
../Core/Src/main.c:455:13:MX_TIM11_Init	8	static
../Core/Src/main.c:486:13:MX_USART2_UART_Init	8	static
../Core/Src/main.c:517:13:MX_DMA_Init	16	static
../Core/Src/main.c:535:13:MX_GPIO_Init	48	static
../Core/Src/main.c:581:6:HAL_TIM_PeriodElapsedCallback	120	static
../Core/Src/main.c:591:6:HAL_UART_RxCpltCallback	24	static
../Core/Src/main.c:599:6:HAL_ADC_ConvCpltCallback	16	static
../Core/Src/main.c:619:6:Error_Handler	4	static,ignoring_inline_asm
