../Core/Src/main.c:96:6:calc_ang	16	static
../Core/Src/main.c:107:7:calc_r	32	static
../Core/Src/main.c:116:7:calc_z	32	static
../Core/Src/main.c:125:7:calc_x	32	static
../Core/Src/main.c:133:7:calc_y	32	static
../Core/Src/main.c:145:5:main	168	static
../Core/Src/main.c:217:6:SystemClock_Config	88	static
../Core/Src/main.c:265:13:MX_ADC1_Init	24	static
../Core/Src/main.c:344:13:MX_TIM8_Init	96	static
../Core/Src/main.c:419:13:MX_TIM10_Init	8	static
../Core/Src/main.c:450:13:MX_TIM11_Init	8	static
../Core/Src/main.c:481:13:MX_USART2_UART_Init	8	static
../Core/Src/main.c:512:13:MX_DMA_Init	16	static
../Core/Src/main.c:530:13:MX_GPIO_Init	48	static
../Core/Src/main.c:570:6:HAL_TIM_PeriodElapsedCallback	176	static
../Core/Src/main.c:580:6:HAL_UART_RxCpltCallback	24	static
../Core/Src/main.c:589:6:HAL_ADC_ConvCpltCallback	16	static
../Core/Src/main.c:615:6:Error_Handler	4	static,ignoring_inline_asm
